// Jest Snapshot v1, https://goo.gl/fbAQLP

exports[`#components/Widgets/Boolean Tests Snapshot 1`] = `
<Component
  id="test"
  selectedValue={false}
/>
`;

exports[`#components/Widgets/Boolean Tests Snapshot 2`] = `
<Component
  id="test"
  selectedValue={false}
/>
`;
