// Jest Snapshot v1, https://goo.gl/fbAQLP

exports[`#components/Widgets/FieldSelect Tests Snapshot 1`] = `
<Component
  id="test"
  selectedValue=""
/>
`;
