// Jest Snapshot v1, https://goo.gl/fbAQLP

exports[`#components/Widgets/Select Tests Snapshot 1`] = `
<Component
  id="test"
  selectedValue=""
  values={
    Array [
      Object {
        "label": "test",
        "value": "test",
      },
    ]
  }
/>
`;
