// Jest Snapshot v1, https://goo.gl/fbAQLP

exports[`#components/Group Tests snapshot 1`] = `
<Component
  id="test"
  isRoot={true}
/>
`;

exports[`#components/Group Tests snapshot 2`] = `
<Component
  id="test"
  isRoot={true}
/>
`;
