// Jest Snapshot v1, https://goo.gl/fbAQLP

exports[`#components/Input Tests Snapshot 1`] = `
<styled.input
  disabled={false}
  onChange={[Function]}
  type="text"
  value="Test"
/>
`;
