// Jest Snapshot v1, https://goo.gl/fbAQLP

exports[`#components/Button Tests Snapshot 1`] = `
<styled.button
  onClick={[MockFunction]}
>
  Test
</styled.button>
`;
